Archive member included to satisfy reference by file (symbol)

c:/program files/microchip/xc8/v2.32/avr/bin/../lib/gcc/avr/5.4.0/avrxmega3/short-calls\libgcc.a(_exit.o)
                              C:/Program Files/Microchip/xc8/v2.32/dfp/xc8/avr/lib/avrxmega3/short-calls/crtattiny402.o (exit)
c:/program files/microchip/xc8/v2.32/avr/bin/../lib/gcc/avr/5.4.0/avrxmega3/short-calls\libgcc.a(_copy_data.o)
                              build/Release/production/_ext/1360937237/i2c_slave.o (__do_copy_data)

Allocating common symbols
Common symbol       size              file

I2C_0_stop_interrupt_handler
                    0x2               build/Release/production/_ext/1360937237/i2c_slave.o
NowPinState         0x1               build/Release/production/_ext/1472/driver_isr.o
I2C_0_register_address
                    0x1               build/Release/production/_ext/2130678003/i2c_slave_example.o
I2C_0_write_interrupt_handler
                    0x2               build/Release/production/_ext/1360937237/i2c_slave.o
I2C_0_read_interrupt_handler
                    0x2               build/Release/production/_ext/1360937237/i2c_slave.o
temp                0x1               build/Release/production/_ext/2130678003/i2c_slave_example.o
PinPassed           0x1               build/Release/production/_ext/1472/driver_isr.o
sysobj              0x3               build/Release/production/_ext/2130678003/i2c_slave_example.o
I2C_0_address_interrupt_handler
                    0x2               build/Release/production/_ext/1360937237/i2c_slave.o
LastPinState        0x1               build/Release/production/_ext/1472/driver_isr.o
I2C_0_bus_error_interrupt_handler
                    0x2               build/Release/production/_ext/1360937237/i2c_slave.o
I2C_0_slave_address
                    0x1               build/Release/production/_ext/2130678003/i2c_slave_example.o
I2C_0_collision_interrupt_handler
                    0x2               build/Release/production/_ext/1360937237/i2c_slave.o

Discarded input sections

 .data          0x0000000000000000        0x0 C:/Program Files/Microchip/xc8/v2.32/dfp/xc8/avr/lib/avrxmega3/short-calls/crtattiny402.o
 .bss           0x0000000000000000        0x0 C:/Program Files/Microchip/xc8/v2.32/dfp/xc8/avr/lib/avrxmega3/short-calls/crtattiny402.o
 .text          0x0000000000000000        0x0 build/Release/production/_ext/2130678003/i2c_slave_example.o
 .data          0x0000000000000000        0x0 build/Release/production/_ext/2130678003/i2c_slave_example.o
 .bss           0x0000000000000000        0x0 build/Release/production/_ext/2130678003/i2c_slave_example.o
 .text          0x0000000000000000        0x0 build/Release/production/_ext/1360937237/bod.o
 .data          0x0000000000000000        0x0 build/Release/production/_ext/1360937237/bod.o
 .bss           0x0000000000000000        0x0 build/Release/production/_ext/1360937237/bod.o
 .text          0x0000000000000000        0x0 build/Release/production/_ext/1360937237/clkctrl.o
 .data          0x0000000000000000        0x0 build/Release/production/_ext/1360937237/clkctrl.o
 .bss           0x0000000000000000        0x0 build/Release/production/_ext/1360937237/clkctrl.o
 .text          0x0000000000000000        0x0 build/Release/production/_ext/1360937237/cpuint.o
 .data          0x0000000000000000        0x0 build/Release/production/_ext/1360937237/cpuint.o
 .bss           0x0000000000000000        0x0 build/Release/production/_ext/1360937237/cpuint.o
 .text          0x0000000000000000        0x0 build/Release/production/_ext/1360937237/driver_init.o
 .data          0x0000000000000000        0x0 build/Release/production/_ext/1360937237/driver_init.o
 .bss           0x0000000000000000        0x0 build/Release/production/_ext/1360937237/driver_init.o
 .text.TIMER_0_initialization
                0x0000000000000000        0x4 build/Release/production/_ext/1360937237/driver_init.o
 .text          0x0000000000000000        0x0 build/Release/production/_ext/1360937237/i2c_slave.o
 .data          0x0000000000000000        0x0 build/Release/production/_ext/1360937237/i2c_slave.o
 .bss           0x0000000000000000        0x0 build/Release/production/_ext/1360937237/i2c_slave.o
 .text.I2C_0_enable
                0x0000000000000000        0xc build/Release/production/_ext/1360937237/i2c_slave.o
 .text.I2C_0_send_nack
                0x0000000000000000        0x8 build/Release/production/_ext/1360937237/i2c_slave.o
 .text.I2C_0_set_collision_callback
                0x0000000000000000        0xa build/Release/production/_ext/1360937237/i2c_slave.o
 .text.I2C_0_set_bus_error_callback
                0x0000000000000000        0xa build/Release/production/_ext/1360937237/i2c_slave.o
 .text          0x0000000000000000        0x0 build/Release/production/_ext/1360937237/protected_io.o
 .data          0x0000000000000000        0x0 build/Release/production/_ext/1360937237/protected_io.o
 .bss           0x0000000000000000        0x0 build/Release/production/_ext/1360937237/protected_io.o
 .text          0x0000000000000000        0x0 build/Release/production/_ext/1360937237/slpctrl.o
 .data          0x0000000000000000        0x0 build/Release/production/_ext/1360937237/slpctrl.o
 .bss           0x0000000000000000        0x0 build/Release/production/_ext/1360937237/slpctrl.o
 .text.SLPCTRL_set_sleep_mode
                0x0000000000000000       0x10 build/Release/production/_ext/1360937237/slpctrl.o
 .text          0x0000000000000000        0x0 build/Release/production/_ext/1472/device_config.o
 .data          0x0000000000000000        0x0 build/Release/production/_ext/1472/device_config.o
 .bss           0x0000000000000000        0x0 build/Release/production/_ext/1472/device_config.o
 .text          0x0000000000000000        0x0 build/Release/production/_ext/1360937237/tca.o
 .data          0x0000000000000000        0x0 build/Release/production/_ext/1360937237/tca.o
 .bss           0x0000000000000000        0x0 build/Release/production/_ext/1360937237/tca.o
 .text          0x0000000000000000        0x0 build/Release/production/_ext/1472/atmel_start.o
 .data          0x0000000000000000        0x0 build/Release/production/_ext/1472/atmel_start.o
 .bss           0x0000000000000000        0x0 build/Release/production/_ext/1472/atmel_start.o
 .text          0x0000000000000000        0x0 build/Release/production/_ext/1472/driver_isr.o
 .data          0x0000000000000000        0x0 build/Release/production/_ext/1472/driver_isr.o
 .bss           0x0000000000000000        0x0 build/Release/production/_ext/1472/driver_isr.o
 .text          0x0000000000000000        0x0 build/Release/production/_ext/1472/main.o
 .data          0x0000000000000000        0x0 build/Release/production/_ext/1472/main.o
 .bss           0x0000000000000000        0x0 build/Release/production/_ext/1472/main.o
 .text          0x0000000000000000        0x0 c:/program files/microchip/xc8/v2.32/avr/bin/../lib/gcc/avr/5.4.0/avrxmega3/short-calls\libgcc.a(_exit.o)
 .data          0x0000000000000000        0x0 c:/program files/microchip/xc8/v2.32/avr/bin/../lib/gcc/avr/5.4.0/avrxmega3/short-calls\libgcc.a(_exit.o)
 .bss           0x0000000000000000        0x0 c:/program files/microchip/xc8/v2.32/avr/bin/../lib/gcc/avr/5.4.0/avrxmega3/short-calls\libgcc.a(_exit.o)
 .text.libgcc.mul
                0x0000000000000000        0x0 c:/program files/microchip/xc8/v2.32/avr/bin/../lib/gcc/avr/5.4.0/avrxmega3/short-calls\libgcc.a(_exit.o)
 .text.libgcc.div
                0x0000000000000000        0x0 c:/program files/microchip/xc8/v2.32/avr/bin/../lib/gcc/avr/5.4.0/avrxmega3/short-calls\libgcc.a(_exit.o)
 .text.libgcc   0x0000000000000000        0x0 c:/program files/microchip/xc8/v2.32/avr/bin/../lib/gcc/avr/5.4.0/avrxmega3/short-calls\libgcc.a(_exit.o)
 .text.libgcc.prologue
                0x0000000000000000        0x0 c:/program files/microchip/xc8/v2.32/avr/bin/../lib/gcc/avr/5.4.0/avrxmega3/short-calls\libgcc.a(_exit.o)
 .stack.descriptors
                0x0000000000000000       0x13 c:/program files/microchip/xc8/v2.32/avr/bin/../lib/gcc/avr/5.4.0/avrxmega3/short-calls\libgcc.a(_exit.o)
 .text.libgcc.builtins
                0x0000000000000000        0x0 c:/program files/microchip/xc8/v2.32/avr/bin/../lib/gcc/avr/5.4.0/avrxmega3/short-calls\libgcc.a(_exit.o)
 .text.libgcc.fmul
                0x0000000000000000        0x0 c:/program files/microchip/xc8/v2.32/avr/bin/../lib/gcc/avr/5.4.0/avrxmega3/short-calls\libgcc.a(_exit.o)
 .text.libgcc.fixed
                0x0000000000000000        0x0 c:/program files/microchip/xc8/v2.32/avr/bin/../lib/gcc/avr/5.4.0/avrxmega3/short-calls\libgcc.a(_exit.o)
 .text          0x0000000000000000        0x0 c:/program files/microchip/xc8/v2.32/avr/bin/../lib/gcc/avr/5.4.0/avrxmega3/short-calls\libgcc.a(_copy_data.o)
 .data          0x0000000000000000        0x0 c:/program files/microchip/xc8/v2.32/avr/bin/../lib/gcc/avr/5.4.0/avrxmega3/short-calls\libgcc.a(_copy_data.o)
 .bss           0x0000000000000000        0x0 c:/program files/microchip/xc8/v2.32/avr/bin/../lib/gcc/avr/5.4.0/avrxmega3/short-calls\libgcc.a(_copy_data.o)
 .text.libgcc.mul
                0x0000000000000000        0x0 c:/program files/microchip/xc8/v2.32/avr/bin/../lib/gcc/avr/5.4.0/avrxmega3/short-calls\libgcc.a(_copy_data.o)
 .text.libgcc.div
                0x0000000000000000        0x0 c:/program files/microchip/xc8/v2.32/avr/bin/../lib/gcc/avr/5.4.0/avrxmega3/short-calls\libgcc.a(_copy_data.o)
 .text.libgcc   0x0000000000000000        0x0 c:/program files/microchip/xc8/v2.32/avr/bin/../lib/gcc/avr/5.4.0/avrxmega3/short-calls\libgcc.a(_copy_data.o)
 .text.libgcc.prologue
                0x0000000000000000        0x0 c:/program files/microchip/xc8/v2.32/avr/bin/../lib/gcc/avr/5.4.0/avrxmega3/short-calls\libgcc.a(_copy_data.o)
 .text.libgcc.builtins
                0x0000000000000000        0x0 c:/program files/microchip/xc8/v2.32/avr/bin/../lib/gcc/avr/5.4.0/avrxmega3/short-calls\libgcc.a(_copy_data.o)
 .text.libgcc.fmul
                0x0000000000000000        0x0 c:/program files/microchip/xc8/v2.32/avr/bin/../lib/gcc/avr/5.4.0/avrxmega3/short-calls\libgcc.a(_copy_data.o)
 .text.libgcc.fixed
                0x0000000000000000        0x0 c:/program files/microchip/xc8/v2.32/avr/bin/../lib/gcc/avr/5.4.0/avrxmega3/short-calls\libgcc.a(_copy_data.o)

Memory Configuration

Name             Origin             Length             Attributes
text             0x0000000000000000 0x0000000000001000 xr
data             0x0000000000803f00 0x0000000000000100 rw !x
eeprom           0x0000000000810000 0x0000000000000080 rw !x
fuse             0x0000000000820000 0x000000000000000a rw !x
lock             0x0000000000830000 0x0000000000000400 rw !x
signature        0x0000000000840000 0x0000000000000400 rw !x
user_signatures  0x0000000000850000 0x0000000000000400 rw !x
*default*        0x0000000000000000 0xffffffffffffffff

Linker script and memory map

Address of section .data set to 0x803f00
                0x0000000000008000                __RODATA_PM_OFFSET__ = 0x8000
LOAD C:/Program Files/Microchip/xc8/v2.32/dfp/xc8/avr/lib/avrxmega3/short-calls/crtattiny402.o
                0x0000000000000001                __MPLAB_BUILD = 0x1
LOAD build/Release/production/_ext/2130678003/i2c_slave_example.o
LOAD build/Release/production/_ext/1360937237/bod.o
LOAD build/Release/production/_ext/1360937237/clkctrl.o
LOAD build/Release/production/_ext/1360937237/cpuint.o
LOAD build/Release/production/_ext/1360937237/driver_init.o
LOAD build/Release/production/_ext/1360937237/i2c_slave.o
LOAD build/Release/production/_ext/1360937237/protected_io.o
LOAD build/Release/production/_ext/1360937237/slpctrl.o
LOAD build/Release/production/_ext/1472/device_config.o
LOAD build/Release/production/_ext/1360937237/tca.o
LOAD build/Release/production/_ext/1472/atmel_start.o
LOAD build/Release/production/_ext/1472/driver_isr.o
LOAD build/Release/production/_ext/1472/main.o
START GROUP
LOAD c:/program files/microchip/xc8/v2.32/avr/bin/../lib/gcc/avr/5.4.0/../../../../avr/lib/avrxmega3/short-calls\libm.a
END GROUP
START GROUP
LOAD c:/program files/microchip/xc8/v2.32/avr/bin/../lib/gcc/avr/5.4.0/avrxmega3/short-calls\libgcc.a
LOAD c:/program files/microchip/xc8/v2.32/avr/bin/../lib/gcc/avr/5.4.0/../../../../avr/lib/avrxmega3/short-calls\libm.a
LOAD c:/program files/microchip/xc8/v2.32/avr/bin/../lib/gcc/avr/5.4.0/../../../../avr/lib/avrxmega3/short-calls\libc.a
LOAD C:/Program Files/Microchip/xc8/v2.32/dfp/xc8/avr/lib/avrxmega3/short-calls\libattiny402.a
END GROUP
                [0x0000000000000000]                __TEXT_REGION_ORIGIN__ = DEFINED (__TEXT_REGION_ORIGIN__)?__TEXT_REGION_ORIGIN__:0x0
                [0x0000000000803f00]                __DATA_REGION_ORIGIN__ = DEFINED (__DATA_REGION_ORIGIN__)?__DATA_REGION_ORIGIN__:0x802000
                [0x0000000000001000]                __TEXT_REGION_LENGTH__ = DEFINED (__TEXT_REGION_LENGTH__)?__TEXT_REGION_LENGTH__:0x100000
                [0x0000000000000100]                __DATA_REGION_LENGTH__ = DEFINED (__DATA_REGION_LENGTH__)?__DATA_REGION_LENGTH__:0xffa0
                [0x0000000000000080]                __EEPROM_REGION_LENGTH__ = DEFINED (__EEPROM_REGION_LENGTH__)?__EEPROM_REGION_LENGTH__:0x10000
                [0x000000000000000a]                __FUSE_REGION_LENGTH__ = DEFINED (__FUSE_REGION_LENGTH__)?__FUSE_REGION_LENGTH__:0x400
                0x0000000000000400                __LOCK_REGION_LENGTH__ = DEFINED (__LOCK_REGION_LENGTH__)?__LOCK_REGION_LENGTH__:0x400
                0x0000000000000400                __SIGNATURE_REGION_LENGTH__ = DEFINED (__SIGNATURE_REGION_LENGTH__)?__SIGNATURE_REGION_LENGTH__:0x400
                0x0000000000000400                __USER_SIGNATURE_REGION_LENGTH__ = DEFINED (__USER_SIGNATURE_REGION_LENGTH__)?__USER_SIGNATURE_REGION_LENGTH__:0x400
                0x0000000000008000                __RODATA_PM_OFFSET__ = DEFINED (__RODATA_PM_OFFSET__)?__RODATA_PM_OFFSET__:0x8000

.hash
 *(.hash)

.dynsym
 *(.dynsym)

.dynstr
 *(.dynstr)

.gnu.version
 *(.gnu.version)

.gnu.version_d
 *(.gnu.version_d)

.gnu.version_r
 *(.gnu.version_r)

.rel.init
 *(.rel.init)

.rela.init
 *(.rela.init)

.rel.text
 *(.rel.text)
 *(.rel.text.*)
 *(.rel.gnu.linkonce.t*)

.rela.text
 *(.rela.text)
 *(.rela.text.*)
 *(.rela.gnu.linkonce.t*)

.rel.fini
 *(.rel.fini)

.rela.fini
 *(.rela.fini)

.rel.rodata
 *(.rel.rodata)
 *(.rel.rodata.*)
 *(.rel.gnu.linkonce.r*)

.rela.rodata
 *(.rela.rodata)
 *(.rela.rodata.*)
 *(.rela.gnu.linkonce.r*)

.rel.data
 *(.rel.data)
 *(.rel.data.*)
 *(.rel.gnu.linkonce.d*)

.rela.data
 *(.rela.data)
 *(.rela.data.*)
 *(.rela.gnu.linkonce.d*)

.rel.ctors
 *(.rel.ctors)

.rela.ctors
 *(.rela.ctors)

.rel.dtors
 *(.rel.dtors)

.rela.dtors
 *(.rela.dtors)

.rel.got
 *(.rel.got)

.rela.got
 *(.rela.got)

.rel.bss
 *(.rel.bss)

.rela.bss
 *(.rela.bss)

.rel.plt
 *(.rel.plt)

.rela.plt
 *(.rela.plt)

.text           0x0000000000000000       0x96
 *(.vectors)
 .vectors       0x0000000000000000       0x34 C:/Program Files/Microchip/xc8/v2.32/dfp/xc8/avr/lib/avrxmega3/short-calls/crtattiny402.o
                0x0000000000000000                __vector_default
                0x0000000000000000                __vectors
 *(.vectors)
 *(.progmem.gcc*)
 *(.dinit)
 .dinit         0x0000000000000034       0x11 data_init
                0x0000000000000046                . = ALIGN (0x2)
 *fill*         0x0000000000000045        0x1 
                0x0000000000000046                __trampolines_start = .
 *(.trampolines)
 .trampolines   0x0000000000000046        0x0 linker stubs
 *(.trampolines*)
                0x0000000000000046                __trampolines_end = .
 *libprintf_flt.a:*(.progmem.data)
 *libc.a:*(.progmem.data)
                0x0000000000000046                . = ALIGN (0x2)
 *(.jumptables)
 *(.jumptables*)
 *(.lowtext)
 *(.lowtext*)
                0x0000000000000046                __ctors_start = .
 *(.ctors)
                0x0000000000000046                __ctors_end = .
                0x0000000000000046                __dtors_start = .
 *(.dtors)
                0x0000000000000046                __dtors_end = .
 SORT(*)(.ctors)
 SORT(*)(.dtors)
 *(.init0)
 .init0         0x0000000000000046        0x0 C:/Program Files/Microchip/xc8/v2.32/dfp/xc8/avr/lib/avrxmega3/short-calls/crtattiny402.o
                0x0000000000000046                __init
 *(.init0)
 *(.init1)
 *(.init1)
 *(.init2)
 .init2         0x0000000000000046        0xc C:/Program Files/Microchip/xc8/v2.32/dfp/xc8/avr/lib/avrxmega3/short-calls/crtattiny402.o
 *(.init2)
 *(.init3)
 *(.init3)
 *(.init4)
 .init4         0x0000000000000052       0x3c c:/program files/microchip/xc8/v2.32/avr/bin/../lib/gcc/avr/5.4.0/avrxmega3/short-calls\libgcc.a(_copy_data.o)
                0x0000000000000052                __do_copy_data
                0x0000000000000080                __do_clear_bss
 *(.init4)
 *(.init5)
 *(.init5)
 *(.init6)
 *(.init6)
 *(.init7)
 *(.init7)
 *(.init8)
 *(.init8)
 *(.init9)
 .init9         0x000000000000008e        0x4 C:/Program Files/Microchip/xc8/v2.32/dfp/xc8/avr/lib/avrxmega3/short-calls/crtattiny402.o
 *(.init9)
                0x0000000000000092                . = ALIGN (0x2)
 *(.fini9)
 .fini9         0x0000000000000092        0x0 c:/program files/microchip/xc8/v2.32/avr/bin/../lib/gcc/avr/5.4.0/avrxmega3/short-calls\libgcc.a(_exit.o)
                0x0000000000000092                _exit
                0x0000000000000092                exit
 *(.fini9)
 *(.fini8)
 *(.fini8)
 *(.fini7)
 *(.fini7)
 *(.fini6)
 *(.fini6)
 *(.fini5)
 *(.fini5)
 *(.fini4)
 *(.fini4)
 *(.fini3)
 *(.fini3)
 *(.fini2)
 *(.fini2)
 *(.fini1)
 *(.fini1)
 *(.fini0)
 .fini0         0x0000000000000092        0x4 c:/program files/microchip/xc8/v2.32/avr/bin/../lib/gcc/avr/5.4.0/avrxmega3/short-calls\libgcc.a(_exit.o)
 *(.fini0)
                0x0000000000000096                _etext = .

.data           0x0000000000803f00        0x0 load address 0x0000000000000096
                [!provide]                        PROVIDE (__data_start, .)
 *(.gnu.linkonce.d*)
                0x0000000000803f00                . = ALIGN (0x2)
                0x0000000000803f00                _edata = .
                [!provide]                        PROVIDE (__data_end, .)

.bss            0x0000000000803f00       0x15
                [!provide]                        PROVIDE (__bss_start, .)
 *(COMMON)
 COMMON         0x0000000000803f00        0x6 build/Release/production/_ext/2130678003/i2c_slave_example.o
                0x0000000000803f00                I2C_0_register_address
                0x0000000000803f01                temp
                0x0000000000803f02                sysobj
                0x0000000000803f05                I2C_0_slave_address
 COMMON         0x0000000000803f06        0xc build/Release/production/_ext/1360937237/i2c_slave.o
                0x0000000000803f06                I2C_0_stop_interrupt_handler
                0x0000000000803f08                I2C_0_write_interrupt_handler
                0x0000000000803f0a                I2C_0_read_interrupt_handler
                0x0000000000803f0c                I2C_0_address_interrupt_handler
                0x0000000000803f0e                I2C_0_bus_error_interrupt_handler
                0x0000000000803f10                I2C_0_collision_interrupt_handler
 COMMON         0x0000000000803f12        0x3 build/Release/production/_ext/1472/driver_isr.o
                0x0000000000803f12                NowPinState
                0x0000000000803f13                PinPassed
                0x0000000000803f14                LastPinState
                [!provide]                        PROVIDE (__bss_end, .)
                0x0000000000000096                __data_load_start = LOADADDR (.data)
                0x0000000000000096                __data_load_end = (__data_load_start + SIZEOF (.data))

.noinit         0x0000000000803f15        0x0
                [!provide]                        PROVIDE (__noinit_start, .)
 *(.noinit*)
                [!provide]                        PROVIDE (__noinit_end, .)
                0x0000000000803f15                _end = .

.eeprom         0x0000000000810000        0x0
 *(.eeprom*)
                0x0000000000810000                __eeprom_end = .

.fuse           0x0000000000820000        0x9
 *(.fuse)
 .fuse          0x0000000000820000        0x9 build/Release/production/_ext/1472/device_config.o
                0x0000000000820000                __fuse
 *(.lfuse)
 *(.hfuse)
 *(.efuse)

.lock
 *(.lock*)

.signature
 *(.signature*)

.user_signatures
 *(.user_signatures*)

.stab
 *(.stab)

.stabstr
 *(.stabstr)

.stab.excl
 *(.stab.excl)

.stab.exclstr
 *(.stab.exclstr)

.stab.index
 *(.stab.index)

.stab.indexstr
 *(.stab.indexstr)

.comment        0x0000000000000000       0x2f
 *(.comment)
 .comment       0x0000000000000000       0x2f build/Release/production/_ext/2130678003/i2c_slave_example.o
                                         0x30 (size before relaxing)
 .comment       0x000000000000002f       0x30 build/Release/production/_ext/1360937237/bod.o
 .comment       0x000000000000002f       0x30 build/Release/production/_ext/1360937237/clkctrl.o
 .comment       0x000000000000002f       0x30 build/Release/production/_ext/1360937237/cpuint.o
 .comment       0x000000000000002f       0x30 build/Release/production/_ext/1360937237/driver_init.o
 .comment       0x000000000000002f       0x30 build/Release/production/_ext/1360937237/i2c_slave.o
 .comment       0x000000000000002f       0x30 build/Release/production/_ext/1360937237/slpctrl.o
 .comment       0x000000000000002f       0x30 build/Release/production/_ext/1472/device_config.o
 .comment       0x000000000000002f       0x30 build/Release/production/_ext/1360937237/tca.o
 .comment       0x000000000000002f       0x30 build/Release/production/_ext/1472/atmel_start.o
 .comment       0x000000000000002f       0x30 build/Release/production/_ext/1472/driver_isr.o
 .comment       0x000000000000002f       0x30 build/Release/production/_ext/1472/main.o

.stack.descriptors.hdr
                0x0000000000000000        0xe
 .stack.descriptors.hdr
                0x0000000000000000        0xe c:/program files/microchip/xc8/v2.32/avr/bin/../lib/gcc/avr/5.4.0/avrxmega3/short-calls\libgcc.a(_exit.o)

.note.gnu.build-id
 *(.note.gnu.build-id)

.debug
 *(.debug)

.line
 *(.line)

.debug_srcinfo
 *(.debug_srcinfo)

.debug_sfnames
 *(.debug_sfnames)

.debug_aranges  0x0000000000000000      0x290
 *(.debug_aranges)
 .debug_aranges
                0x0000000000000000       0x40 build/Release/production/_ext/2130678003/i2c_slave_example.o
 .debug_aranges
                0x0000000000000040       0x20 build/Release/production/_ext/1360937237/bod.o
 .debug_aranges
                0x0000000000000060       0x20 build/Release/production/_ext/1360937237/clkctrl.o
 .debug_aranges
                0x0000000000000080       0x20 build/Release/production/_ext/1360937237/cpuint.o
 .debug_aranges
                0x00000000000000a0       0x38 build/Release/production/_ext/1360937237/driver_init.o
 .debug_aranges
                0x00000000000000d8       0xd0 build/Release/production/_ext/1360937237/i2c_slave.o
 .debug_aranges
                0x00000000000001a8       0x20 build/Release/production/_ext/1360937237/protected_io.o
 .debug_aranges
                0x00000000000001c8       0x28 build/Release/production/_ext/1360937237/slpctrl.o
 .debug_aranges
                0x00000000000001f0       0x18 build/Release/production/_ext/1472/device_config.o
 .debug_aranges
                0x0000000000000208       0x20 build/Release/production/_ext/1360937237/tca.o
 .debug_aranges
                0x0000000000000228       0x20 build/Release/production/_ext/1472/atmel_start.o
 .debug_aranges
                0x0000000000000248       0x28 build/Release/production/_ext/1472/driver_isr.o
 .debug_aranges
                0x0000000000000270       0x20 build/Release/production/_ext/1472/main.o

.debug_pubnames
 *(.debug_pubnames)

.debug_info     0x0000000000000000     0x7b29
 *(.debug_info .gnu.linkonce.wi.*)
 .debug_info    0x0000000000000000     0x11d6 C:/Program Files/Microchip/xc8/v2.32/dfp/xc8/avr/lib/avrxmega3/short-calls/crtattiny402.o
 .debug_info    0x00000000000011d6      0x540 build/Release/production/_ext/2130678003/i2c_slave_example.o
 .debug_info    0x0000000000001716      0x480 build/Release/production/_ext/1360937237/bod.o
 .debug_info    0x0000000000001b96      0x5a8 build/Release/production/_ext/1360937237/clkctrl.o
 .debug_info    0x000000000000213e      0x270 build/Release/production/_ext/1360937237/cpuint.o
 .debug_info    0x00000000000023ae     0x1417 build/Release/production/_ext/1360937237/driver_init.o
 .debug_info    0x00000000000037c5      0xe4c build/Release/production/_ext/1360937237/i2c_slave.o
 .debug_info    0x0000000000004611       0x88 build/Release/production/_ext/1360937237/protected_io.o
 .debug_info    0x0000000000004699      0x3ba build/Release/production/_ext/1360937237/slpctrl.o
 .debug_info    0x0000000000004a53      0x804 build/Release/production/_ext/1472/device_config.o
 .debug_info    0x0000000000005257      0xb15 build/Release/production/_ext/1360937237/tca.o
 .debug_info    0x0000000000005d6c      0x2fe build/Release/production/_ext/1472/atmel_start.o
 .debug_info    0x000000000000606a      0xa89 build/Release/production/_ext/1472/driver_isr.o
 .debug_info    0x0000000000006af3     0x1036 build/Release/production/_ext/1472/main.o

.debug_abbrev   0x0000000000000000     0x1e9b
 *(.debug_abbrev)
 .debug_abbrev  0x0000000000000000     0x10de C:/Program Files/Microchip/xc8/v2.32/dfp/xc8/avr/lib/avrxmega3/short-calls/crtattiny402.o
 .debug_abbrev  0x00000000000010de       0xef build/Release/production/_ext/2130678003/i2c_slave_example.o
 .debug_abbrev  0x00000000000011cd      0x10c build/Release/production/_ext/1360937237/bod.o
 .debug_abbrev  0x00000000000012d9      0x10c build/Release/production/_ext/1360937237/clkctrl.o
 .debug_abbrev  0x00000000000013e5       0x46 build/Release/production/_ext/1360937237/cpuint.o
 .debug_abbrev  0x000000000000142b      0x21d build/Release/production/_ext/1360937237/driver_init.o
 .debug_abbrev  0x0000000000001648      0x231 build/Release/production/_ext/1360937237/i2c_slave.o
 .debug_abbrev  0x0000000000001879       0x14 build/Release/production/_ext/1360937237/protected_io.o
 .debug_abbrev  0x000000000000188d       0xcb build/Release/production/_ext/1360937237/slpctrl.o
 .debug_abbrev  0x0000000000001958       0x97 build/Release/production/_ext/1472/device_config.o
 .debug_abbrev  0x00000000000019ef       0xf9 build/Release/production/_ext/1360937237/tca.o
 .debug_abbrev  0x0000000000001ae8       0x94 build/Release/production/_ext/1472/atmel_start.o
 .debug_abbrev  0x0000000000001b7c      0x145 build/Release/production/_ext/1472/driver_isr.o
 .debug_abbrev  0x0000000000001cc1      0x1da build/Release/production/_ext/1472/main.o

.debug_line     0x0000000000000000     0x15d1
 *(.debug_line .debug_line.* .debug_line_end)
 .debug_line    0x0000000000000000      0x136 C:/Program Files/Microchip/xc8/v2.32/dfp/xc8/avr/lib/avrxmega3/short-calls/crtattiny402.o
 .debug_line    0x0000000000000136      0x228 build/Release/production/_ext/2130678003/i2c_slave_example.o
 .debug_line    0x000000000000035e      0x11f build/Release/production/_ext/1360937237/bod.o
 .debug_line    0x000000000000047d      0x123 build/Release/production/_ext/1360937237/clkctrl.o
 .debug_line    0x00000000000005a0       0x8a build/Release/production/_ext/1360937237/cpuint.o
 .debug_line    0x000000000000062a      0x314 build/Release/production/_ext/1360937237/driver_init.o
 .debug_line    0x000000000000093e      0x499 build/Release/production/_ext/1360937237/i2c_slave.o
 .debug_line    0x0000000000000dd7       0x55 build/Release/production/_ext/1360937237/protected_io.o
 .debug_line    0x0000000000000e2c       0xeb build/Release/production/_ext/1360937237/slpctrl.o
 .debug_line    0x0000000000000f17       0xbb build/Release/production/_ext/1472/device_config.o
 .debug_line    0x0000000000000fd2       0xe3 build/Release/production/_ext/1360937237/tca.o
 .debug_line    0x00000000000010b5       0xd5 build/Release/production/_ext/1472/atmel_start.o
 .debug_line    0x000000000000118a      0x1bd build/Release/production/_ext/1472/driver_isr.o
 .debug_line    0x0000000000001347      0x28a build/Release/production/_ext/1472/main.o

.debug_frame    0x0000000000000000      0x434
 *(.debug_frame)
 .debug_frame   0x0000000000000000       0x64 build/Release/production/_ext/2130678003/i2c_slave_example.o
 .debug_frame   0x0000000000000064       0x24 build/Release/production/_ext/1360937237/bod.o
 .debug_frame   0x0000000000000088       0x24 build/Release/production/_ext/1360937237/clkctrl.o
 .debug_frame   0x00000000000000ac       0x24 build/Release/production/_ext/1360937237/cpuint.o
 .debug_frame   0x00000000000000d0       0x60 build/Release/production/_ext/1360937237/driver_init.o
 .debug_frame   0x0000000000000130      0x1cc build/Release/production/_ext/1360937237/i2c_slave.o
 .debug_frame   0x00000000000002fc       0x34 build/Release/production/_ext/1360937237/slpctrl.o
 .debug_frame   0x0000000000000330       0x24 build/Release/production/_ext/1360937237/tca.o
 .debug_frame   0x0000000000000354       0x24 build/Release/production/_ext/1472/atmel_start.o
 .debug_frame   0x0000000000000378       0x98 build/Release/production/_ext/1472/driver_isr.o
 .debug_frame   0x0000000000000410       0x24 build/Release/production/_ext/1472/main.o

.debug_str      0x0000000000000000      0xa6a
 *(.debug_str)
 .debug_str     0x0000000000000000      0x7a9 C:/Program Files/Microchip/xc8/v2.32/dfp/xc8/avr/lib/avrxmega3/short-calls/crtattiny402.o
 .debug_str     0x00000000000007a9       0x95 build/Release/production/_ext/2130678003/i2c_slave_example.o
 .debug_str     0x000000000000083e       0x13 build/Release/production/_ext/1360937237/bod.o
 .debug_str     0x0000000000000851       0x13 build/Release/production/_ext/1360937237/clkctrl.o
 .debug_str     0x0000000000000864        0x0 build/Release/production/_ext/1360937237/cpuint.o
 .debug_str     0x0000000000000864       0x98 build/Release/production/_ext/1360937237/driver_init.o
 .debug_str     0x00000000000008fc       0x31 build/Release/production/_ext/1360937237/i2c_slave.o
 .debug_str     0x000000000000092d        0x0 build/Release/production/_ext/1360937237/slpctrl.o
 .debug_str     0x000000000000092d        0x0 build/Release/production/_ext/1472/device_config.o
 .debug_str     0x000000000000092d       0x52 build/Release/production/_ext/1360937237/tca.o
 .debug_str     0x000000000000097f        0xc build/Release/production/_ext/1472/atmel_start.o
 .debug_str     0x000000000000098b       0x69 build/Release/production/_ext/1472/driver_isr.o
 .debug_str     0x00000000000009f4       0x76 build/Release/production/_ext/1472/main.o

.debug_loc      0x0000000000000000      0x76d
 *(.debug_loc)
 .debug_loc     0x0000000000000000       0x29 build/Release/production/_ext/1360937237/bod.o
 .debug_loc     0x0000000000000029       0x29 build/Release/production/_ext/1360937237/clkctrl.o
 .debug_loc     0x0000000000000052      0x5b3 build/Release/production/_ext/1360937237/driver_init.o
 .debug_loc     0x0000000000000605       0xce build/Release/production/_ext/1360937237/i2c_slave.o
 .debug_loc     0x00000000000006d3       0x21 build/Release/production/_ext/1360937237/slpctrl.o
 .debug_loc     0x00000000000006f4       0x79 build/Release/production/_ext/1472/main.o

.debug_macinfo
 *(.debug_macinfo)

.debug_weaknames
 *(.debug_weaknames)

.debug_funcnames
 *(.debug_funcnames)

.debug_typenames
 *(.debug_typenames)

.debug_varnames
 *(.debug_varnames)

.debug_pubtypes
 *(.debug_pubtypes)

.debug_ranges   0x0000000000000000      0x1a8
 *(.debug_ranges)
 .debug_ranges  0x0000000000000000       0x30 build/Release/production/_ext/2130678003/i2c_slave_example.o
 .debug_ranges  0x0000000000000030       0x10 build/Release/production/_ext/1360937237/bod.o
 .debug_ranges  0x0000000000000040       0x10 build/Release/production/_ext/1360937237/clkctrl.o
 .debug_ranges  0x0000000000000050       0x10 build/Release/production/_ext/1360937237/cpuint.o
 .debug_ranges  0x0000000000000060       0x28 build/Release/production/_ext/1360937237/driver_init.o
 .debug_ranges  0x0000000000000088       0xc0 build/Release/production/_ext/1360937237/i2c_slave.o
 .debug_ranges  0x0000000000000148       0x18 build/Release/production/_ext/1360937237/slpctrl.o
 .debug_ranges  0x0000000000000160       0x10 build/Release/production/_ext/1360937237/tca.o
 .debug_ranges  0x0000000000000170       0x10 build/Release/production/_ext/1472/atmel_start.o
 .debug_ranges  0x0000000000000180       0x18 build/Release/production/_ext/1472/driver_isr.o
 .debug_ranges  0x0000000000000198       0x10 build/Release/production/_ext/1472/main.o

.debug_macro
 *(.debug_macro)
OUTPUT(dist/Release/production/IntruderTiny402.X.production.elf elf32-avr)
LOAD linker stubs
LOAD data_init

.note.gnu.avr.deviceinfo
                0x0000000000000000       0x3c
 .note.gnu.avr.deviceinfo
                0x0000000000000000       0x3c C:/Program Files/Microchip/xc8/v2.32/dfp/xc8/avr/lib/avrxmega3/short-calls/crtattiny402.o

.bss.PinChanged
                0x0000000000803f16        0x1
 .bss.PinChanged
                0x0000000000803f16        0x1 build/Release/production/_ext/1472/driver_isr.o
                0x0000000000803f16                PinChanged

.bss.TimeOut    0x0000000000803f17        0x1
 .bss.TimeOut   0x0000000000803f17        0x1 build/Release/production/_ext/1472/driver_isr.o
                0x0000000000803f17                TimeOut

.bss.INTTrigger
                0x0000000000803f18        0x1
 .bss.INTTrigger
                0x0000000000803f18        0x1 build/Release/production/_ext/1472/driver_isr.o
                0x0000000000803f18                INTTrigger

.bss.TimerTrigger
                0x0000000000803f19        0x1
 .bss.TimerTrigger
                0x0000000000803f19        0x1 build/Release/production/_ext/1472/driver_isr.o
                0x0000000000803f19                TimerTrigger

.text.main      0x0000000000000096       0xe8
 .text.main     0x0000000000000096       0xe8 build/Release/production/_ext/1472/main.o
                0x0000000000000096                main

.text.__vector_3
                0x000000000000017e       0xa0
 .text.__vector_3
                0x000000000000017e       0xa0 build/Release/production/_ext/1472/driver_isr.o
                0x000000000000017e                __vector_3

.text.system_init
                0x000000000000021e       0x9c
 .text.system_init
                0x000000000000021e       0x9c build/Release/production/_ext/1360937237/driver_init.o
                0x000000000000021e                system_init

.text.I2C_0_isr
                0x00000000000002ba       0x82
 .text.I2C_0_isr
                0x00000000000002ba       0x82 build/Release/production/_ext/1360937237/i2c_slave.o
                0x00000000000002ba                I2C_0_isr

.text.__vector_19
                0x000000000000033c       0x50
 .text.__vector_19
                0x000000000000033c       0x50 build/Release/production/_ext/1360937237/i2c_slave.o
                0x000000000000033c                __vector_19

.text.I2C_0_read_handler
                0x000000000000038c       0x46
 .text.I2C_0_read_handler
                0x000000000000038c       0x46 build/Release/production/_ext/2130678003/i2c_slave_example.o
                0x000000000000038c                I2C_0_read_handler

.text.I2C_0_init
                0x00000000000003d2       0x3e
 .text.I2C_0_init
                0x00000000000003d2       0x3e build/Release/production/_ext/1360937237/i2c_slave.o
                0x00000000000003d2                I2C_0_init

.text.I2C_0_initialization
                0x0000000000000410       0x3c
 .text.I2C_0_initialization
                0x0000000000000410       0x3c build/Release/production/_ext/1360937237/driver_init.o
                0x0000000000000410                I2C_0_initialization

.text.I2C_0_write_handler
                0x000000000000044c       0x38
 .text.I2C_0_write_handler
                0x000000000000044c       0x38 build/Release/production/_ext/2130678003/i2c_slave_example.o
                0x000000000000044c                I2C_0_write_handler

.text.__vector_10
                0x0000000000000484       0x32
 .text.__vector_10
                0x0000000000000484       0x32 build/Release/production/_ext/1472/driver_isr.o
                0x0000000000000484                __vector_10

.text.I2C_0_test_i2c_slave
                0x00000000000004b6       0x26
 .text.I2C_0_test_i2c_slave
                0x00000000000004b6       0x26 build/Release/production/_ext/2130678003/i2c_slave_example.o
                0x00000000000004b6                I2C_0_test_i2c_slave

.text.TIMER_0_init
                0x00000000000004dc       0x1a
 .text.TIMER_0_init
                0x00000000000004dc       0x1a build/Release/production/_ext/1360937237/tca.o
                0x00000000000004dc                TIMER_0_init

.text.mcu_init  0x00000000000004f6       0x14
 .text.mcu_init
                0x00000000000004f6       0x14 build/Release/production/_ext/1360937237/driver_init.o
                0x00000000000004f6                mcu_init

.text.I2C_0_goto_unaddressed
                0x000000000000050a       0x10
 .text.I2C_0_goto_unaddressed
                0x000000000000050a       0x10 build/Release/production/_ext/1360937237/i2c_slave.o
                0x000000000000050a                I2C_0_goto_unaddressed

.text.I2C_0_read_callback
                0x000000000000051a       0x10
 .text.I2C_0_read_callback
                0x000000000000051a       0x10 build/Release/production/_ext/1360937237/i2c_slave.o
                0x000000000000051a                I2C_0_read_callback

.text.I2C_0_write_callback
                0x000000000000052a       0x10
 .text.I2C_0_write_callback
                0x000000000000052a       0x10 build/Release/production/_ext/1360937237/i2c_slave.o
                0x000000000000052a                I2C_0_write_callback

.text.I2C_0_address_callback
                0x000000000000053a       0x10
 .text.I2C_0_address_callback
                0x000000000000053a       0x10 build/Release/production/_ext/1360937237/i2c_slave.o
                0x000000000000053a                I2C_0_address_callback

.text.I2C_0_stop_callback
                0x000000000000054a       0x10
 .text.I2C_0_stop_callback
                0x000000000000054a       0x10 build/Release/production/_ext/1360937237/i2c_slave.o
                0x000000000000054a                I2C_0_stop_callback

.text.I2C_0_collision_callback
                0x000000000000055a       0x10
 .text.I2C_0_collision_callback
                0x000000000000055a       0x10 build/Release/production/_ext/1360937237/i2c_slave.o
                0x000000000000055a                I2C_0_collision_callback

.text.I2C_0_bus_error_callback
                0x000000000000056a       0x10
 .text.I2C_0_bus_error_callback
                0x000000000000056a       0x10 build/Release/production/_ext/1360937237/i2c_slave.o
                0x000000000000056a                I2C_0_bus_error_callback

.text.BOD_init  0x000000000000057a        0xe
 .text.BOD_init
                0x000000000000057a        0xe build/Release/production/_ext/1360937237/bod.o
                0x000000000000057a                BOD_init

.text.CLKCTRL_init
                0x0000000000000588        0xe
 .text.CLKCTRL_init
                0x0000000000000588        0xe build/Release/production/_ext/1360937237/clkctrl.o
                0x0000000000000588                CLKCTRL_init

.text.I2C_0_write
                0x0000000000000596        0xe
 .text.I2C_0_write
                0x0000000000000596        0xe build/Release/production/_ext/1360937237/i2c_slave.o
                0x0000000000000596                I2C_0_write

.text.I2C_0_open
                0x00000000000005a4        0xc
 .text.I2C_0_open
                0x00000000000005a4        0xc build/Release/production/_ext/1360937237/i2c_slave.o
                0x00000000000005a4                I2C_0_open

.text.I2C_0_close
                0x00000000000005b0        0xc
 .text.I2C_0_close
                0x00000000000005b0        0xc build/Release/production/_ext/1360937237/i2c_slave.o
                0x00000000000005b0                I2C_0_close

.text.I2C_0_stop_handler
                0x00000000000005bc        0xa
 .text.I2C_0_stop_handler
                0x00000000000005bc        0xa build/Release/production/_ext/2130678003/i2c_slave_example.o
                0x00000000000005bc                I2C_0_stop_handler

.text.I2C_0_address_handler
                0x00000000000005c6        0xa
 .text.I2C_0_address_handler
                0x00000000000005c6        0xa build/Release/production/_ext/2130678003/i2c_slave_example.o
                0x00000000000005c6                I2C_0_address_handler

.text.I2C_0_set_read_callback
                0x00000000000005d0        0xa
 .text.I2C_0_set_read_callback
                0x00000000000005d0        0xa build/Release/production/_ext/1360937237/i2c_slave.o
                0x00000000000005d0                I2C_0_set_read_callback

.text.I2C_0_set_write_callback
                0x00000000000005da        0xa
 .text.I2C_0_set_write_callback
                0x00000000000005da        0xa build/Release/production/_ext/1360937237/i2c_slave.o
                0x00000000000005da                I2C_0_set_write_callback

.text.I2C_0_set_address_callback
                0x00000000000005e4        0xa
 .text.I2C_0_set_address_callback
                0x00000000000005e4        0xa build/Release/production/_ext/1360937237/i2c_slave.o
                0x00000000000005e4                I2C_0_set_address_callback

.text.I2C_0_set_stop_callback
                0x00000000000005ee        0xa
 .text.I2C_0_set_stop_callback
                0x00000000000005ee        0xa build/Release/production/_ext/1360937237/i2c_slave.o
                0x00000000000005ee                I2C_0_set_stop_callback

.text.SLPCTRL_init
                0x00000000000005f8        0xa
 .text.SLPCTRL_init
                0x00000000000005f8        0xa build/Release/production/_ext/1360937237/slpctrl.o
                0x00000000000005f8                SLPCTRL_init

.text.I2C_0_send_ack
                0x0000000000000602        0x8
 .text.I2C_0_send_ack
                0x0000000000000602        0x8 build/Release/production/_ext/1360937237/i2c_slave.o
                0x0000000000000602                I2C_0_send_ack

.text.protected_write_io
                0x000000000000060a        0x8
 .text.protected_write_io
                0x000000000000060a        0x8 build/Release/production/_ext/1360937237/protected_io.o
                0x000000000000060a                protected_write_io

.text.CPUINT_init
                0x0000000000000612        0x6
 .text.CPUINT_init
                0x0000000000000612        0x6 build/Release/production/_ext/1360937237/cpuint.o
                0x0000000000000612                CPUINT_init

.text.I2C_0_read
                0x0000000000000618        0x6
 .text.I2C_0_read
                0x0000000000000618        0x6 build/Release/production/_ext/1360937237/i2c_slave.o
                0x0000000000000618                I2C_0_read

.text.atmel_start_init
                0x000000000000061e        0x4
 .text.atmel_start_init
                0x000000000000061e        0x4 build/Release/production/_ext/1472/atmel_start.o
                0x000000000000061e                atmel_start_init

.text           0x0000000000000622        0x2
 .text          0x0000000000000622        0x2 C:/Program Files/Microchip/xc8/v2.32/dfp/xc8/avr/lib/avrxmega3/short-calls/crtattiny402.o
                0x0000000000000622                __vector_22
                0x0000000000000622                __vector_1
                0x0000000000000622                __vector_24
                0x0000000000000622                __vector_12
                0x0000000000000622                __bad_interrupt
                0x0000000000000622                __vector_6
                0x0000000000000622                __vector_23
                0x0000000000000622                __vector_25
                0x0000000000000622                __vector_11
                0x0000000000000622                __vector_13
                0x0000000000000622                __vector_17
                0x0000000000000622                __vector_7
                0x0000000000000622                __vector_5
                0x0000000000000622                __vector_4
                0x0000000000000622                __vector_9
                0x0000000000000622                __vector_2
                0x0000000000000622                __vector_21
                0x0000000000000622                __vector_15
                0x0000000000000622                __vector_8
                0x0000000000000622                __vector_14
                0x0000000000000622                __vector_16
                0x0000000000000622                __vector_18
                0x0000000000000622                __vector_20

.data.isFirstByte.3272
                0x0000000000803f15        0x1 load address 0x0000000000000624
 .data.isFirstByte.3272
                0x0000000000803f15        0x1 build/Release/production/_ext/1360937237/i2c_slave.o
