Archive member included to satisfy reference by file (symbol)

c:/program files/microchip/xc8/v2.32/avr/bin/../lib/gcc/avr/5.4.0/avrxmega3/short-calls\libgcc.a(_exit.o)
                              C:/Program Files (x86)/Atmel/Studio/7.0/Packs/atmel/ATtiny_DFP/1.8.332/xc8/avr/lib/avrxmega3/short-calls/crtattiny402.o (exit)
c:/program files/microchip/xc8/v2.32/avr/bin/../lib/gcc/avr/5.4.0/avrxmega3/short-calls\libgcc.a(_copy_data.o)
                              src/i2c_slave.o (__do_copy_data)

Allocating common symbols
Common symbol       size              file

I2C_0_stop_interrupt_handler
                    0x2               src/i2c_slave.o
NowPinState         0x1               driver_isr.o
I2C_0_register_address
                    0x1               examples/src/i2c_slave_example.o
I2C_0_write_interrupt_handler
                    0x2               src/i2c_slave.o
I2C_0_read_interrupt_handler
                    0x2               src/i2c_slave.o
temp                0x1               examples/src/i2c_slave_example.o
PinPassed           0x1               driver_isr.o
sysobj              0x3               atmel_start.o
I2C_0_address_interrupt_handler
                    0x2               src/i2c_slave.o
LastPinState        0x1               driver_isr.o
I2C_0_bus_error_interrupt_handler
                    0x2               src/i2c_slave.o
I2C_0_slave_address
                    0x1               examples/src/i2c_slave_example.o
I2C_0_collision_interrupt_handler
                    0x2               src/i2c_slave.o

Discarded input sections

 .data          0x0000000000000000        0x0 C:/Program Files (x86)/Atmel/Studio/7.0/Packs/atmel/ATtiny_DFP/1.8.332/xc8/avr/lib/avrxmega3/short-calls/crtattiny402.o
 .bss           0x0000000000000000        0x0 C:/Program Files (x86)/Atmel/Studio/7.0/Packs/atmel/ATtiny_DFP/1.8.332/xc8/avr/lib/avrxmega3/short-calls/crtattiny402.o
 .text          0x0000000000000000        0x0 atmel_start.o
 .data          0x0000000000000000        0x0 atmel_start.o
 .bss           0x0000000000000000        0x0 atmel_start.o
 .text          0x0000000000000000        0x0 driver_isr.o
 .data          0x0000000000000000        0x0 driver_isr.o
 .bss           0x0000000000000000        0x0 driver_isr.o
 .text          0x0000000000000000        0x0 examples/src/i2c_slave_example.o
 .data          0x0000000000000000        0x0 examples/src/i2c_slave_example.o
 .bss           0x0000000000000000        0x0 examples/src/i2c_slave_example.o
 .text          0x0000000000000000        0x0 main.o
 .data          0x0000000000000000        0x0 main.o
 .bss           0x0000000000000000        0x0 main.o
 .text          0x0000000000000000        0x0 src/bod.o
 .data          0x0000000000000000        0x0 src/bod.o
 .bss           0x0000000000000000        0x0 src/bod.o
 .text          0x0000000000000000        0x0 src/clkctrl.o
 .data          0x0000000000000000        0x0 src/clkctrl.o
 .bss           0x0000000000000000        0x0 src/clkctrl.o
 .text          0x0000000000000000        0x0 src/cpuint.o
 .data          0x0000000000000000        0x0 src/cpuint.o
 .bss           0x0000000000000000        0x0 src/cpuint.o
 .text          0x0000000000000000        0x0 src/driver_init.o
 .data          0x0000000000000000        0x0 src/driver_init.o
 .bss           0x0000000000000000        0x0 src/driver_init.o
 .text.TIMER_0_initialization
                0x0000000000000000        0x4 src/driver_init.o
 .text          0x0000000000000000        0x0 src/i2c_slave.o
 .data          0x0000000000000000        0x0 src/i2c_slave.o
 .bss           0x0000000000000000        0x0 src/i2c_slave.o
 .text.I2C_0_enable
                0x0000000000000000        0xc src/i2c_slave.o
 .text.I2C_0_send_nack
                0x0000000000000000        0x8 src/i2c_slave.o
 .text.I2C_0_set_collision_callback
                0x0000000000000000        0xa src/i2c_slave.o
 .text.I2C_0_set_bus_error_callback
                0x0000000000000000        0xa src/i2c_slave.o
 .text          0x0000000000000000        0x0 src/protected_io.o
 .data          0x0000000000000000        0x0 src/protected_io.o
 .bss           0x0000000000000000        0x0 src/protected_io.o
 .text          0x0000000000000000        0x0 src/slpctrl.o
 .data          0x0000000000000000        0x0 src/slpctrl.o
 .bss           0x0000000000000000        0x0 src/slpctrl.o
 .text.SLPCTRL_set_sleep_mode
                0x0000000000000000       0x10 src/slpctrl.o
 .text          0x0000000000000000        0x0 src/tca.o
 .data          0x0000000000000000        0x0 src/tca.o
 .bss           0x0000000000000000        0x0 src/tca.o
 .text          0x0000000000000000        0x0 c:/program files/microchip/xc8/v2.32/avr/bin/../lib/gcc/avr/5.4.0/avrxmega3/short-calls\libgcc.a(_exit.o)
 .data          0x0000000000000000        0x0 c:/program files/microchip/xc8/v2.32/avr/bin/../lib/gcc/avr/5.4.0/avrxmega3/short-calls\libgcc.a(_exit.o)
 .bss           0x0000000000000000        0x0 c:/program files/microchip/xc8/v2.32/avr/bin/../lib/gcc/avr/5.4.0/avrxmega3/short-calls\libgcc.a(_exit.o)
 .text.libgcc.mul
                0x0000000000000000        0x0 c:/program files/microchip/xc8/v2.32/avr/bin/../lib/gcc/avr/5.4.0/avrxmega3/short-calls\libgcc.a(_exit.o)
 .text.libgcc.div
                0x0000000000000000        0x0 c:/program files/microchip/xc8/v2.32/avr/bin/../lib/gcc/avr/5.4.0/avrxmega3/short-calls\libgcc.a(_exit.o)
 .text.libgcc   0x0000000000000000        0x0 c:/program files/microchip/xc8/v2.32/avr/bin/../lib/gcc/avr/5.4.0/avrxmega3/short-calls\libgcc.a(_exit.o)
 .text.libgcc.prologue
                0x0000000000000000        0x0 c:/program files/microchip/xc8/v2.32/avr/bin/../lib/gcc/avr/5.4.0/avrxmega3/short-calls\libgcc.a(_exit.o)
 .stack.descriptors
                0x0000000000000000       0x13 c:/program files/microchip/xc8/v2.32/avr/bin/../lib/gcc/avr/5.4.0/avrxmega3/short-calls\libgcc.a(_exit.o)
 .text.libgcc.builtins
                0x0000000000000000        0x0 c:/program files/microchip/xc8/v2.32/avr/bin/../lib/gcc/avr/5.4.0/avrxmega3/short-calls\libgcc.a(_exit.o)
 .text.libgcc.fmul
                0x0000000000000000        0x0 c:/program files/microchip/xc8/v2.32/avr/bin/../lib/gcc/avr/5.4.0/avrxmega3/short-calls\libgcc.a(_exit.o)
 .text.libgcc.fixed
                0x0000000000000000        0x0 c:/program files/microchip/xc8/v2.32/avr/bin/../lib/gcc/avr/5.4.0/avrxmega3/short-calls\libgcc.a(_exit.o)
 .text          0x0000000000000000        0x0 c:/program files/microchip/xc8/v2.32/avr/bin/../lib/gcc/avr/5.4.0/avrxmega3/short-calls\libgcc.a(_copy_data.o)
 .data          0x0000000000000000        0x0 c:/program files/microchip/xc8/v2.32/avr/bin/../lib/gcc/avr/5.4.0/avrxmega3/short-calls\libgcc.a(_copy_data.o)
 .bss           0x0000000000000000        0x0 c:/program files/microchip/xc8/v2.32/avr/bin/../lib/gcc/avr/5.4.0/avrxmega3/short-calls\libgcc.a(_copy_data.o)
 .text.libgcc.mul
                0x0000000000000000        0x0 c:/program files/microchip/xc8/v2.32/avr/bin/../lib/gcc/avr/5.4.0/avrxmega3/short-calls\libgcc.a(_copy_data.o)
 .text.libgcc.div
                0x0000000000000000        0x0 c:/program files/microchip/xc8/v2.32/avr/bin/../lib/gcc/avr/5.4.0/avrxmega3/short-calls\libgcc.a(_copy_data.o)
 .text.libgcc   0x0000000000000000        0x0 c:/program files/microchip/xc8/v2.32/avr/bin/../lib/gcc/avr/5.4.0/avrxmega3/short-calls\libgcc.a(_copy_data.o)
 .text.libgcc.prologue
                0x0000000000000000        0x0 c:/program files/microchip/xc8/v2.32/avr/bin/../lib/gcc/avr/5.4.0/avrxmega3/short-calls\libgcc.a(_copy_data.o)
 .text.libgcc.builtins
                0x0000000000000000        0x0 c:/program files/microchip/xc8/v2.32/avr/bin/../lib/gcc/avr/5.4.0/avrxmega3/short-calls\libgcc.a(_copy_data.o)
 .text.libgcc.fmul
                0x0000000000000000        0x0 c:/program files/microchip/xc8/v2.32/avr/bin/../lib/gcc/avr/5.4.0/avrxmega3/short-calls\libgcc.a(_copy_data.o)
 .text.libgcc.fixed
                0x0000000000000000        0x0 c:/program files/microchip/xc8/v2.32/avr/bin/../lib/gcc/avr/5.4.0/avrxmega3/short-calls\libgcc.a(_copy_data.o)

Memory Configuration

Name             Origin             Length             Attributes
text             0x0000000000000000 0x0000000000001000 xr
data             0x0000000000803f00 0x0000000000000100 rw !x
eeprom           0x0000000000810000 0x0000000000000080 rw !x
fuse             0x0000000000820000 0x000000000000000a rw !x
lock             0x0000000000830000 0x0000000000000400 rw !x
signature        0x0000000000840000 0x0000000000000400 rw !x
user_signatures  0x0000000000850000 0x0000000000000400 rw !x
*default*        0x0000000000000000 0xffffffffffffffff

Linker script and memory map

Address of section .data set to 0x803f00
                0x0000000000008000                __RODATA_PM_OFFSET__ = 0x8000
LOAD C:/Program Files (x86)/Atmel/Studio/7.0/Packs/atmel/ATtiny_DFP/1.8.332/xc8/avr/lib/avrxmega3/short-calls/crtattiny402.o
LOAD atmel_start.o
LOAD driver_isr.o
LOAD examples/src/i2c_slave_example.o
LOAD main.o
LOAD src/bod.o
LOAD src/clkctrl.o
LOAD src/cpuint.o
LOAD src/driver_init.o
LOAD src/i2c_slave.o
LOAD src/protected_io.o
LOAD src/slpctrl.o
LOAD src/tca.o
START GROUP
LOAD c:/program files/microchip/xc8/v2.32/avr/bin/../lib/gcc/avr/5.4.0/../../../../avr/lib/avrxmega3/short-calls\libm.a
END GROUP
START GROUP
LOAD c:/program files/microchip/xc8/v2.32/avr/bin/../lib/gcc/avr/5.4.0/avrxmega3/short-calls\libgcc.a
LOAD c:/program files/microchip/xc8/v2.32/avr/bin/../lib/gcc/avr/5.4.0/../../../../avr/lib/avrxmega3/short-calls\libm.a
LOAD c:/program files/microchip/xc8/v2.32/avr/bin/../lib/gcc/avr/5.4.0/../../../../avr/lib/avrxmega3/short-calls\libc.a
LOAD C:/Program Files (x86)/Atmel/Studio/7.0/Packs/atmel/ATtiny_DFP/1.8.332/xc8/avr/lib/avrxmega3/short-calls\libattiny402.a
END GROUP
                [0x0000000000000000]                __TEXT_REGION_ORIGIN__ = DEFINED (__TEXT_REGION_ORIGIN__)?__TEXT_REGION_ORIGIN__:0x0
                [0x0000000000803f00]                __DATA_REGION_ORIGIN__ = DEFINED (__DATA_REGION_ORIGIN__)?__DATA_REGION_ORIGIN__:0x802000
                [0x0000000000001000]                __TEXT_REGION_LENGTH__ = DEFINED (__TEXT_REGION_LENGTH__)?__TEXT_REGION_LENGTH__:0x100000
                [0x0000000000000100]                __DATA_REGION_LENGTH__ = DEFINED (__DATA_REGION_LENGTH__)?__DATA_REGION_LENGTH__:0xffa0
                [0x0000000000000080]                __EEPROM_REGION_LENGTH__ = DEFINED (__EEPROM_REGION_LENGTH__)?__EEPROM_REGION_LENGTH__:0x10000
                [0x000000000000000a]                __FUSE_REGION_LENGTH__ = DEFINED (__FUSE_REGION_LENGTH__)?__FUSE_REGION_LENGTH__:0x400
                0x0000000000000400                __LOCK_REGION_LENGTH__ = DEFINED (__LOCK_REGION_LENGTH__)?__LOCK_REGION_LENGTH__:0x400
                0x0000000000000400                __SIGNATURE_REGION_LENGTH__ = DEFINED (__SIGNATURE_REGION_LENGTH__)?__SIGNATURE_REGION_LENGTH__:0x400
                0x0000000000000400                __USER_SIGNATURE_REGION_LENGTH__ = DEFINED (__USER_SIGNATURE_REGION_LENGTH__)?__USER_SIGNATURE_REGION_LENGTH__:0x400
                0x0000000000008000                __RODATA_PM_OFFSET__ = DEFINED (__RODATA_PM_OFFSET__)?__RODATA_PM_OFFSET__:0x8000

.hash
 *(.hash)

.dynsym
 *(.dynsym)

.dynstr
 *(.dynstr)

.gnu.version
 *(.gnu.version)

.gnu.version_d
 *(.gnu.version_d)

.gnu.version_r
 *(.gnu.version_r)

.rel.init
 *(.rel.init)

.rela.init
 *(.rela.init)

.rel.text
 *(.rel.text)
 *(.rel.text.*)
 *(.rel.gnu.linkonce.t*)

.rela.text
 *(.rela.text)
 *(.rela.text.*)
 *(.rela.gnu.linkonce.t*)

.rel.fini
 *(.rel.fini)

.rela.fini
 *(.rela.fini)

.rel.rodata
 *(.rel.rodata)
 *(.rel.rodata.*)
 *(.rel.gnu.linkonce.r*)

.rela.rodata
 *(.rela.rodata)
 *(.rela.rodata.*)
 *(.rela.gnu.linkonce.r*)

.rel.data
 *(.rel.data)
 *(.rel.data.*)
 *(.rel.gnu.linkonce.d*)

.rela.data
 *(.rela.data)
 *(.rela.data.*)
 *(.rela.gnu.linkonce.d*)

.rel.ctors
 *(.rel.ctors)

.rela.ctors
 *(.rela.ctors)

.rel.dtors
 *(.rel.dtors)

.rela.dtors
 *(.rela.dtors)

.rel.got
 *(.rel.got)

.rela.got
 *(.rela.got)

.rel.bss
 *(.rel.bss)

.rela.bss
 *(.rela.bss)

.rel.plt
 *(.rel.plt)

.rela.plt
 *(.rela.plt)

.text           0x0000000000000000       0x90
 *(.vectors)
 .vectors       0x0000000000000000       0x34 C:/Program Files (x86)/Atmel/Studio/7.0/Packs/atmel/ATtiny_DFP/1.8.332/xc8/avr/lib/avrxmega3/short-calls/crtattiny402.o
                0x0000000000000000                __vector_default
                0x0000000000000000                __vectors
 *(.vectors)
 *(.progmem.gcc*)
 *(.dinit)
 .dinit         0x0000000000000034        0xc data_init
                0x0000000000000040                . = ALIGN (0x2)
 *fill*         0x0000000000000040        0x0 
                0x0000000000000040                __trampolines_start = .
 *(.trampolines)
 .trampolines   0x0000000000000040        0x0 linker stubs
 *(.trampolines*)
                0x0000000000000040                __trampolines_end = .
 *libprintf_flt.a:*(.progmem.data)
 *libc.a:*(.progmem.data)
                0x0000000000000040                . = ALIGN (0x2)
 *(.jumptables)
 *(.jumptables*)
 *(.lowtext)
 *(.lowtext*)
                0x0000000000000040                __ctors_start = .
 *(.ctors)
                0x0000000000000040                __ctors_end = .
                0x0000000000000040                __dtors_start = .
 *(.dtors)
                0x0000000000000040                __dtors_end = .
 SORT(*)(.ctors)
 SORT(*)(.dtors)
 *(.init0)
 .init0         0x0000000000000040        0x0 C:/Program Files (x86)/Atmel/Studio/7.0/Packs/atmel/ATtiny_DFP/1.8.332/xc8/avr/lib/avrxmega3/short-calls/crtattiny402.o
                0x0000000000000040                __init
 *(.init0)
 *(.init1)
 *(.init1)
 *(.init2)
 .init2         0x0000000000000040        0xc C:/Program Files (x86)/Atmel/Studio/7.0/Packs/atmel/ATtiny_DFP/1.8.332/xc8/avr/lib/avrxmega3/short-calls/crtattiny402.o
 *(.init2)
 *(.init3)
 *(.init3)
 *(.init4)
 .init4         0x000000000000004c       0x3c c:/program files/microchip/xc8/v2.32/avr/bin/../lib/gcc/avr/5.4.0/avrxmega3/short-calls\libgcc.a(_copy_data.o)
                0x000000000000004c                __do_copy_data
                0x000000000000007a                __do_clear_bss
 *(.init4)
 *(.init5)
 *(.init5)
 *(.init6)
 *(.init6)
 *(.init7)
 *(.init7)
 *(.init8)
 *(.init8)
 *(.init9)
 .init9         0x0000000000000088        0x4 C:/Program Files (x86)/Atmel/Studio/7.0/Packs/atmel/ATtiny_DFP/1.8.332/xc8/avr/lib/avrxmega3/short-calls/crtattiny402.o
 *(.init9)
                0x000000000000008c                . = ALIGN (0x2)
 *(.fini9)
 .fini9         0x000000000000008c        0x0 c:/program files/microchip/xc8/v2.32/avr/bin/../lib/gcc/avr/5.4.0/avrxmega3/short-calls\libgcc.a(_exit.o)
                0x000000000000008c                _exit
                0x000000000000008c                exit
 *(.fini9)
 *(.fini8)
 *(.fini8)
 *(.fini7)
 *(.fini7)
 *(.fini6)
 *(.fini6)
 *(.fini5)
 *(.fini5)
 *(.fini4)
 *(.fini4)
 *(.fini3)
 *(.fini3)
 *(.fini2)
 *(.fini2)
 *(.fini1)
 *(.fini1)
 *(.fini0)
 .fini0         0x000000000000008c        0x4 c:/program files/microchip/xc8/v2.32/avr/bin/../lib/gcc/avr/5.4.0/avrxmega3/short-calls\libgcc.a(_exit.o)
 *(.fini0)
                0x0000000000000090                _etext = .

.data           0x0000000000803f00        0x0 load address 0x0000000000000090
                [!provide]                        PROVIDE (__data_start, .)
 *(.gnu.linkonce.d*)
                0x0000000000803f00                . = ALIGN (0x2)
                0x0000000000803f00                _edata = .
                [!provide]                        PROVIDE (__data_end, .)

.bss            0x0000000000803f00       0x15
                [!provide]                        PROVIDE (__bss_start, .)
 *(COMMON)
 COMMON         0x0000000000803f00        0x3 atmel_start.o
                0x0000000000803f00                sysobj
 COMMON         0x0000000000803f03        0x3 driver_isr.o
                0x0000000000803f03                NowPinState
                0x0000000000803f04                PinPassed
                0x0000000000803f05                LastPinState
 COMMON         0x0000000000803f06        0x3 examples/src/i2c_slave_example.o
                0x0000000000803f06                I2C_0_register_address
                0x0000000000803f07                temp
                0x0000000000803f08                I2C_0_slave_address
 COMMON         0x0000000000803f09        0xc src/i2c_slave.o
                0x0000000000803f09                I2C_0_stop_interrupt_handler
                0x0000000000803f0b                I2C_0_write_interrupt_handler
                0x0000000000803f0d                I2C_0_read_interrupt_handler
                0x0000000000803f0f                I2C_0_address_interrupt_handler
                0x0000000000803f11                I2C_0_bus_error_interrupt_handler
                0x0000000000803f13                I2C_0_collision_interrupt_handler
                [!provide]                        PROVIDE (__bss_end, .)
                0x0000000000000090                __data_load_start = LOADADDR (.data)
                0x0000000000000090                __data_load_end = (__data_load_start + SIZEOF (.data))

.noinit         0x0000000000803f15        0x0
                [!provide]                        PROVIDE (__noinit_start, .)
 *(.noinit*)
                [!provide]                        PROVIDE (__noinit_end, .)
                0x0000000000803f15                _end = .

.eeprom         0x0000000000810000        0x0
 *(.eeprom*)
                0x0000000000810000                __eeprom_end = .

.fuse
 *(.fuse)
 *(.lfuse)
 *(.hfuse)
 *(.efuse)

.lock
 *(.lock*)

.signature
 *(.signature*)

.user_signatures
 *(.user_signatures*)

.stab
 *(.stab)

.stabstr
 *(.stabstr)

.stab.excl
 *(.stab.excl)

.stab.exclstr
 *(.stab.exclstr)

.stab.index
 *(.stab.index)

.stab.indexstr
 *(.stab.indexstr)

.comment        0x0000000000000000       0x2f
 *(.comment)
 .comment       0x0000000000000000       0x2f atmel_start.o
                                         0x30 (size before relaxing)
 .comment       0x000000000000002f       0x30 driver_isr.o
 .comment       0x000000000000002f       0x30 examples/src/i2c_slave_example.o
 .comment       0x000000000000002f       0x30 main.o
 .comment       0x000000000000002f       0x30 src/bod.o
 .comment       0x000000000000002f       0x30 src/clkctrl.o
 .comment       0x000000000000002f       0x30 src/cpuint.o
 .comment       0x000000000000002f       0x30 src/driver_init.o
 .comment       0x000000000000002f       0x30 src/i2c_slave.o
 .comment       0x000000000000002f       0x30 src/slpctrl.o
 .comment       0x000000000000002f       0x30 src/tca.o

.stack.descriptors.hdr
                0x0000000000000000        0xe
 .stack.descriptors.hdr
                0x0000000000000000        0xe c:/program files/microchip/xc8/v2.32/avr/bin/../lib/gcc/avr/5.4.0/avrxmega3/short-calls\libgcc.a(_exit.o)

.note.gnu.build-id
 *(.note.gnu.build-id)

.debug
 *(.debug)

.line
 *(.line)

.debug_srcinfo
 *(.debug_srcinfo)

.debug_sfnames
 *(.debug_sfnames)

.debug_aranges  0x0000000000000000      0x278
 *(.debug_aranges)
 .debug_aranges
                0x0000000000000000       0x20 atmel_start.o
 .debug_aranges
                0x0000000000000020       0x28 driver_isr.o
 .debug_aranges
                0x0000000000000048       0x40 examples/src/i2c_slave_example.o
 .debug_aranges
                0x0000000000000088       0x20 main.o
 .debug_aranges
                0x00000000000000a8       0x20 src/bod.o
 .debug_aranges
                0x00000000000000c8       0x20 src/clkctrl.o
 .debug_aranges
                0x00000000000000e8       0x20 src/cpuint.o
 .debug_aranges
                0x0000000000000108       0x38 src/driver_init.o
 .debug_aranges
                0x0000000000000140       0xd0 src/i2c_slave.o
 .debug_aranges
                0x0000000000000210       0x20 src/protected_io.o
 .debug_aranges
                0x0000000000000230       0x28 src/slpctrl.o
 .debug_aranges
                0x0000000000000258       0x20 src/tca.o

.debug_pubnames
 *(.debug_pubnames)

.debug_info     0x0000000000000000     0x780b
 *(.debug_info .gnu.linkonce.wi.*)
 .debug_info    0x0000000000000000     0x11d6 C:/Program Files (x86)/Atmel/Studio/7.0/Packs/atmel/ATtiny_DFP/1.8.332/xc8/avr/lib/avrxmega3/short-calls/crtattiny402.o
 .debug_info    0x00000000000011d6      0x334 atmel_start.o
 .debug_info    0x000000000000150a      0xb4d driver_isr.o
 .debug_info    0x0000000000002057      0x57c examples/src/i2c_slave_example.o
 .debug_info    0x00000000000025d3     0x113e main.o
 .debug_info    0x0000000000003711      0x4be src/bod.o
 .debug_info    0x0000000000003bcf      0x5ec src/clkctrl.o
 .debug_info    0x00000000000041bb      0x29e src/cpuint.o
 .debug_info    0x0000000000004459     0x1481 src/driver_init.o
 .debug_info    0x00000000000058da      0xee2 src/i2c_slave.o
 .debug_info    0x00000000000067bc       0x92 src/protected_io.o
 .debug_info    0x000000000000684e      0x3ee src/slpctrl.o
 .debug_info    0x0000000000006c3c      0xbcf src/tca.o

.debug_abbrev   0x0000000000000000     0x1e38
 *(.debug_abbrev)
 .debug_abbrev  0x0000000000000000     0x10de C:/Program Files (x86)/Atmel/Studio/7.0/Packs/atmel/ATtiny_DFP/1.8.332/xc8/avr/lib/avrxmega3/short-calls/crtattiny402.o
 .debug_abbrev  0x00000000000010de       0x94 atmel_start.o
 .debug_abbrev  0x0000000000001172      0x145 driver_isr.o
 .debug_abbrev  0x00000000000012b7       0xef examples/src/i2c_slave_example.o
 .debug_abbrev  0x00000000000013a6      0x1da main.o
 .debug_abbrev  0x0000000000001580      0x10c src/bod.o
 .debug_abbrev  0x000000000000168c      0x10c src/clkctrl.o
 .debug_abbrev  0x0000000000001798       0x46 src/cpuint.o
 .debug_abbrev  0x00000000000017de      0x237 src/driver_init.o
 .debug_abbrev  0x0000000000001a15      0x24b src/i2c_slave.o
 .debug_abbrev  0x0000000000001c60       0x14 src/protected_io.o
 .debug_abbrev  0x0000000000001c74       0xcb src/slpctrl.o
 .debug_abbrev  0x0000000000001d3f       0xf9 src/tca.o

.debug_line     0x0000000000000000     0x1617
 *(.debug_line .debug_line.* .debug_line_end)
 .debug_line    0x0000000000000000      0x136 C:/Program Files (x86)/Atmel/Studio/7.0/Packs/atmel/ATtiny_DFP/1.8.332/xc8/avr/lib/avrxmega3/short-calls/crtattiny402.o
 .debug_line    0x0000000000000136       0xdb atmel_start.o
 .debug_line    0x0000000000000211      0x1e1 driver_isr.o
 .debug_line    0x00000000000003f2      0x228 examples/src/i2c_slave_example.o
 .debug_line    0x000000000000061a      0x2ad main.o
 .debug_line    0x00000000000008c7      0x13d src/bod.o
 .debug_line    0x0000000000000a04      0x141 src/clkctrl.o
 .debug_line    0x0000000000000b45       0x8a src/cpuint.o
 .debug_line    0x0000000000000bcf      0x332 src/driver_init.o
 .debug_line    0x0000000000000f01      0x4b7 src/i2c_slave.o
 .debug_line    0x00000000000013b8       0x55 src/protected_io.o
 .debug_line    0x000000000000140d      0x109 src/slpctrl.o
 .debug_line    0x0000000000001516      0x101 src/tca.o

.debug_frame    0x0000000000000000      0x434
 *(.debug_frame)
 .debug_frame   0x0000000000000000       0x24 atmel_start.o
 .debug_frame   0x0000000000000024       0x98 driver_isr.o
 .debug_frame   0x00000000000000bc       0x64 examples/src/i2c_slave_example.o
 .debug_frame   0x0000000000000120       0x24 main.o
 .debug_frame   0x0000000000000144       0x24 src/bod.o
 .debug_frame   0x0000000000000168       0x24 src/clkctrl.o
 .debug_frame   0x000000000000018c       0x24 src/cpuint.o
 .debug_frame   0x00000000000001b0       0x60 src/driver_init.o
 .debug_frame   0x0000000000000210      0x1cc src/i2c_slave.o
 .debug_frame   0x00000000000003dc       0x34 src/slpctrl.o
 .debug_frame   0x0000000000000410       0x24 src/tca.o

.debug_str      0x0000000000000000      0xa6a
 *(.debug_str)
 .debug_str     0x0000000000000000      0x7a9 C:/Program Files (x86)/Atmel/Studio/7.0/Packs/atmel/ATtiny_DFP/1.8.332/xc8/avr/lib/avrxmega3/short-calls/crtattiny402.o
 .debug_str     0x00000000000007a9        0xc atmel_start.o
 .debug_str     0x00000000000007b5       0x69 driver_isr.o
 .debug_str     0x000000000000081e       0x95 examples/src/i2c_slave_example.o
 .debug_str     0x00000000000008b3       0x76 main.o
 .debug_str     0x0000000000000929       0x13 src/bod.o
 .debug_str     0x000000000000093c       0x13 src/clkctrl.o
 .debug_str     0x000000000000094f        0x0 src/cpuint.o
 .debug_str     0x000000000000094f       0x98 src/driver_init.o
 .debug_str     0x00000000000009e7       0x31 src/i2c_slave.o
 .debug_str     0x0000000000000a18        0x0 src/slpctrl.o
 .debug_str     0x0000000000000a18       0x52 src/tca.o

.debug_loc      0x0000000000000000      0x988
 *(.debug_loc)
 .debug_loc     0x0000000000000000      0x121 driver_isr.o
 .debug_loc     0x0000000000000121       0x79 main.o
 .debug_loc     0x000000000000019a       0x29 src/bod.o
 .debug_loc     0x00000000000001c3       0x29 src/clkctrl.o
 .debug_loc     0x00000000000001ec      0x5e2 src/driver_init.o
 .debug_loc     0x00000000000007ce      0x199 src/i2c_slave.o
 .debug_loc     0x0000000000000967       0x21 src/slpctrl.o

.debug_macinfo
 *(.debug_macinfo)

.debug_weaknames
 *(.debug_weaknames)

.debug_funcnames
 *(.debug_funcnames)

.debug_typenames
 *(.debug_typenames)

.debug_varnames
 *(.debug_varnames)

.debug_pubtypes
 *(.debug_pubtypes)

.debug_ranges   0x0000000000000000      0x1a8
 *(.debug_ranges)
 .debug_ranges  0x0000000000000000       0x10 atmel_start.o
 .debug_ranges  0x0000000000000010       0x18 driver_isr.o
 .debug_ranges  0x0000000000000028       0x30 examples/src/i2c_slave_example.o
 .debug_ranges  0x0000000000000058       0x10 main.o
 .debug_ranges  0x0000000000000068       0x10 src/bod.o
 .debug_ranges  0x0000000000000078       0x10 src/clkctrl.o
 .debug_ranges  0x0000000000000088       0x10 src/cpuint.o
 .debug_ranges  0x0000000000000098       0x28 src/driver_init.o
 .debug_ranges  0x00000000000000c0       0xc0 src/i2c_slave.o
 .debug_ranges  0x0000000000000180       0x18 src/slpctrl.o
 .debug_ranges  0x0000000000000198       0x10 src/tca.o

.debug_macro
 *(.debug_macro)
OUTPUT(IntruderTiny402.elf elf32-avr)
LOAD linker stubs
LOAD data_init

.note.gnu.avr.deviceinfo
                0x0000000000000000       0x3c
 .note.gnu.avr.deviceinfo
                0x0000000000000000       0x3c C:/Program Files (x86)/Atmel/Studio/7.0/Packs/atmel/ATtiny_DFP/1.8.332/xc8/avr/lib/avrxmega3/short-calls/crtattiny402.o

.bss.PinChanged
                0x0000000000803f15        0x1
 .bss.PinChanged
                0x0000000000803f15        0x1 driver_isr.o
                0x0000000000803f15                PinChanged

.bss.TimeOut    0x0000000000803f16        0x1
 .bss.TimeOut   0x0000000000803f16        0x1 driver_isr.o
                0x0000000000803f16                TimeOut

.bss.INTTrigger
                0x0000000000803f17        0x1
 .bss.INTTrigger
                0x0000000000803f17        0x1 driver_isr.o
                0x0000000000803f17                INTTrigger

.bss.TimerTrigger
                0x0000000000803f18        0x1
 .bss.TimerTrigger
                0x0000000000803f18        0x1 driver_isr.o
                0x0000000000803f18                TimerTrigger

.text.main      0x0000000000000090       0xe8
 .text.main     0x0000000000000090       0xe8 main.o
                0x0000000000000090                main

.text.__vector_3
                0x0000000000000178       0xa0
 .text.__vector_3
                0x0000000000000178       0xa0 driver_isr.o
                0x0000000000000178                __vector_3

.text.system_init
                0x0000000000000218       0x9c
 .text.system_init
                0x0000000000000218       0x9c src/driver_init.o
                0x0000000000000218                system_init

.text.I2C_0_isr
                0x00000000000002b4       0x82
 .text.I2C_0_isr
                0x00000000000002b4       0x82 src/i2c_slave.o
                0x00000000000002b4                I2C_0_isr

.text.__vector_19
                0x0000000000000336       0x50
 .text.__vector_19
                0x0000000000000336       0x50 src/i2c_slave.o
                0x0000000000000336                __vector_19

.text.I2C_0_read_handler
                0x0000000000000386       0x46
 .text.I2C_0_read_handler
                0x0000000000000386       0x46 examples/src/i2c_slave_example.o
                0x0000000000000386                I2C_0_read_handler

.text.I2C_0_init
                0x00000000000003cc       0x3e
 .text.I2C_0_init
                0x00000000000003cc       0x3e src/i2c_slave.o
                0x00000000000003cc                I2C_0_init

.text.I2C_0_initialization
                0x000000000000040a       0x3c
 .text.I2C_0_initialization
                0x000000000000040a       0x3c src/driver_init.o
                0x000000000000040a                I2C_0_initialization

.text.I2C_0_write_handler
                0x0000000000000446       0x38
 .text.I2C_0_write_handler
                0x0000000000000446       0x38 examples/src/i2c_slave_example.o
                0x0000000000000446                I2C_0_write_handler

.text.__vector_10
                0x000000000000047e       0x32
 .text.__vector_10
                0x000000000000047e       0x32 driver_isr.o
                0x000000000000047e                __vector_10

.text.I2C_0_test_i2c_slave
                0x00000000000004b0       0x26
 .text.I2C_0_test_i2c_slave
                0x00000000000004b0       0x26 examples/src/i2c_slave_example.o
                0x00000000000004b0                I2C_0_test_i2c_slave

.text.TIMER_0_init
                0x00000000000004d6       0x1a
 .text.TIMER_0_init
                0x00000000000004d6       0x1a src/tca.o
                0x00000000000004d6                TIMER_0_init

.text.mcu_init  0x00000000000004f0       0x14
 .text.mcu_init
                0x00000000000004f0       0x14 src/driver_init.o
                0x00000000000004f0                mcu_init

.text.I2C_0_goto_unaddressed
                0x0000000000000504       0x10
 .text.I2C_0_goto_unaddressed
                0x0000000000000504       0x10 src/i2c_slave.o
                0x0000000000000504                I2C_0_goto_unaddressed

.text.I2C_0_read_callback
                0x0000000000000514       0x10
 .text.I2C_0_read_callback
                0x0000000000000514       0x10 src/i2c_slave.o
                0x0000000000000514                I2C_0_read_callback

.text.I2C_0_write_callback
                0x0000000000000524       0x10
 .text.I2C_0_write_callback
                0x0000000000000524       0x10 src/i2c_slave.o
                0x0000000000000524                I2C_0_write_callback

.text.I2C_0_address_callback
                0x0000000000000534       0x10
 .text.I2C_0_address_callback
                0x0000000000000534       0x10 src/i2c_slave.o
                0x0000000000000534                I2C_0_address_callback

.text.I2C_0_stop_callback
                0x0000000000000544       0x10
 .text.I2C_0_stop_callback
                0x0000000000000544       0x10 src/i2c_slave.o
                0x0000000000000544                I2C_0_stop_callback

.text.I2C_0_collision_callback
                0x0000000000000554       0x10
 .text.I2C_0_collision_callback
                0x0000000000000554       0x10 src/i2c_slave.o
                0x0000000000000554                I2C_0_collision_callback

.text.I2C_0_bus_error_callback
                0x0000000000000564       0x10
 .text.I2C_0_bus_error_callback
                0x0000000000000564       0x10 src/i2c_slave.o
                0x0000000000000564                I2C_0_bus_error_callback

.text.BOD_init  0x0000000000000574        0xe
 .text.BOD_init
                0x0000000000000574        0xe src/bod.o
                0x0000000000000574                BOD_init

.text.CLKCTRL_init
                0x0000000000000582        0xe
 .text.CLKCTRL_init
                0x0000000000000582        0xe src/clkctrl.o
                0x0000000000000582                CLKCTRL_init

.text.I2C_0_write
                0x0000000000000590        0xe
 .text.I2C_0_write
                0x0000000000000590        0xe src/i2c_slave.o
                0x0000000000000590                I2C_0_write

.text.I2C_0_open
                0x000000000000059e        0xc
 .text.I2C_0_open
                0x000000000000059e        0xc src/i2c_slave.o
                0x000000000000059e                I2C_0_open

.text.I2C_0_close
                0x00000000000005aa        0xc
 .text.I2C_0_close
                0x00000000000005aa        0xc src/i2c_slave.o
                0x00000000000005aa                I2C_0_close

.text.I2C_0_stop_handler
                0x00000000000005b6        0xa
 .text.I2C_0_stop_handler
                0x00000000000005b6        0xa examples/src/i2c_slave_example.o
                0x00000000000005b6                I2C_0_stop_handler

.text.I2C_0_address_handler
                0x00000000000005c0        0xa
 .text.I2C_0_address_handler
                0x00000000000005c0        0xa examples/src/i2c_slave_example.o
                0x00000000000005c0                I2C_0_address_handler

.text.I2C_0_set_read_callback
                0x00000000000005ca        0xa
 .text.I2C_0_set_read_callback
                0x00000000000005ca        0xa src/i2c_slave.o
                0x00000000000005ca                I2C_0_set_read_callback

.text.I2C_0_set_write_callback
                0x00000000000005d4        0xa
 .text.I2C_0_set_write_callback
                0x00000000000005d4        0xa src/i2c_slave.o
                0x00000000000005d4                I2C_0_set_write_callback

.text.I2C_0_set_address_callback
                0x00000000000005de        0xa
 .text.I2C_0_set_address_callback
                0x00000000000005de        0xa src/i2c_slave.o
                0x00000000000005de                I2C_0_set_address_callback

.text.I2C_0_set_stop_callback
                0x00000000000005e8        0xa
 .text.I2C_0_set_stop_callback
                0x00000000000005e8        0xa src/i2c_slave.o
                0x00000000000005e8                I2C_0_set_stop_callback

.text.SLPCTRL_init
                0x00000000000005f2        0xa
 .text.SLPCTRL_init
                0x00000000000005f2        0xa src/slpctrl.o
                0x00000000000005f2                SLPCTRL_init

.text.I2C_0_send_ack
                0x00000000000005fc        0x8
 .text.I2C_0_send_ack
                0x00000000000005fc        0x8 src/i2c_slave.o
                0x00000000000005fc                I2C_0_send_ack

.text.protected_write_io
                0x0000000000000604        0x8
 .text.protected_write_io
                0x0000000000000604        0x8 src/protected_io.o
                0x0000000000000604                protected_write_io

.text.CPUINT_init
                0x000000000000060c        0x6
 .text.CPUINT_init
                0x000000000000060c        0x6 src/cpuint.o
                0x000000000000060c                CPUINT_init

.text.I2C_0_read
                0x0000000000000612        0x6
 .text.I2C_0_read
                0x0000000000000612        0x6 src/i2c_slave.o
                0x0000000000000612                I2C_0_read

.text.atmel_start_init
                0x0000000000000618        0x4
 .text.atmel_start_init
                0x0000000000000618        0x4 atmel_start.o
                0x0000000000000618                atmel_start_init

.text           0x000000000000061c        0x2
 .text          0x000000000000061c        0x2 C:/Program Files (x86)/Atmel/Studio/7.0/Packs/atmel/ATtiny_DFP/1.8.332/xc8/avr/lib/avrxmega3/short-calls/crtattiny402.o
                0x000000000000061c                __vector_22
                0x000000000000061c                __vector_1
                0x000000000000061c                __vector_24
                0x000000000000061c                __vector_12
                0x000000000000061c                __bad_interrupt
                0x000000000000061c                __vector_6
                0x000000000000061c                __vector_23
                0x000000000000061c                __vector_25
                0x000000000000061c                __vector_11
                0x000000000000061c                __vector_13
                0x000000000000061c                __vector_17
                0x000000000000061c                __vector_7
                0x000000000000061c                __vector_5
                0x000000000000061c                __vector_4
                0x000000000000061c                __vector_9
                0x000000000000061c                __vector_2
                0x000000000000061c                __vector_21
                0x000000000000061c                __vector_15
                0x000000000000061c                __vector_8
                0x000000000000061c                __vector_14
                0x000000000000061c                __vector_16
                0x000000000000061c                __vector_18
                0x000000000000061c                __vector_20

.data.isFirstByte.3272
                0x0000000000803f19        0x1 load address 0x000000000000061e
 .data.isFirstByte.3272
                0x0000000000803f19        0x1 src/i2c_slave.o
